TAP version 13
# Subtest: actual HTTP timeout leaves outcome unknown and never retries
ok 1 - actual HTTP timeout leaves outcome unknown and never retries
  ---
  duration_ms: 1007.659542
  type: 'test'
  ...
# Subtest: actual HTTP partial-body leaves outcome unknown and never retries
ok 2 - actual HTTP partial-body leaves outcome unknown and never retries
  ---
  duration_ms: 1003.23225
  type: 'test'
  ...
# Subtest: actual HTTP reset leaves outcome unknown and never retries
ok 3 - actual HTTP reset leaves outcome unknown and never retries
  ---
  duration_ms: 7.578542
  type: 'test'
  ...
# Subtest: actual HTTP redirect leaves outcome unknown and never retries
ok 4 - actual HTTP redirect leaves outcome unknown and never retries
  ---
  duration_ms: 3.276292
  type: 'test'
  ...
# Subtest: actual HTTP 429 leaves outcome unknown and never retries
ok 5 - actual HTTP 429 leaves outcome unknown and never retries
  ---
  duration_ms: 4.188542
  type: 'test'
  ...
# Subtest: actual HTTP 500 leaves outcome unknown and never retries
ok 6 - actual HTTP 500 leaves outcome unknown and never retries
  ---
  duration_ms: 2.641083
  type: 'test'
  ...
1..6
# tests 6
# suites 0
# pass 6
# fail 0
# cancelled 0
# skipped 0
# todo 0
# duration_ms 2250.185875
