TAP version 13
# Subtest: collections preserve typed UUIDs, source tags, archived state, featured captions and one shared original across credentials and collections
ok 1 - collections preserve typed UUIDs, source tags, archived state, featured captions and one shared original across credentials and collections
  ---
  duration_ms: 689.519958
  type: 'test'
  ...
# Subtest: collection references, duplicate tags/items, ordering and unselected owners are rejected before writes
ok 2 - collection references, duplicate tags/items, ordering and unselected owners are rejected before writes
  ---
  duration_ms: 473.938292
  type: 'test'
  ...
# Subtest: collection source permit, original grant, and media-read permission cannot be replaced by person approval
ok 3 - collection source permit, original grant, and media-read permission cannot be replaced by person approval
  ---
  duration_ms: 378.821916
  type: 'test'
  ...
# Subtest: collection-only exports need no credential selection or encryption keys, and changed captions stale the file
ok 4 - collection-only exports need no credential selection or encryption keys, and changed captions stale the file
  ---
  duration_ms: 476.2445
  type: 'test'
  ...
1..4
# tests 4
# suites 0
# pass 4
# fail 0
# cancelled 0
# skipped 0
# todo 0
# duration_ms 2435.5305
