TAP version 13
# Subtest: proof transfer requires original asset and source permits, refuses unrelated assets, and stales on quarantine
ok 1 - proof transfer requires original asset and source permits, refuses unrelated assets, and stales on quarantine
  ---
  duration_ms: 348.657625
  type: 'test'
  ...
# Subtest: proof bytes rebuild verifies all files, preserves verified credential, and audit rollback leaves files reusable
ok 2 - proof bytes rebuild verifies all files, preserves verified credential, and audit rollback leaves files reusable
  ---
  duration_ms: 449.539292
  type: 'test'
  ...
# Subtest: missing, corrupt and linked proof files refuse preparation without creating a target
ok 3 - missing, corrupt and linked proof files refuse preparation without creating a target
  ---
  duration_ms: 268.766125
  type: 'test'
  ...
# Subtest: HTTP original download audits, rejects revoked permission and rechecks permission after file IO
ok 4 - HTTP original download audits, rejects revoked permission and rechecks permission after file IO
  ---
  duration_ms: 315.419667
  type: 'test'
  ...
1..4
# tests 4
# suites 0
# pass 4
# fail 0
# cancelled 0
# skipped 0
# todo 0
# duration_ms 1755.35725
