TAP version 13
# Subtest: PR03E exact deadline, independent READY lifecycle and physical confirmation quota
ok 1 - PR03E exact deadline, independent READY lifecycle and physical confirmation quota
  ---
  duration_ms: 176.988459
  type: 'test'
  ...
# Subtest: PR03E two owners, crash lease fencing and UNKNOWN reconciliation
ok 2 - PR03E two owners, crash lease fencing and UNKNOWN reconciliation
  ---
  duration_ms: 150.867208
  type: 'test'
  ...
# Subtest: PR03E confirmed deletion with audit rollback stays unreadable and retains quota until retry
ok 3 - PR03E confirmed deletion with audit rollback stays unreadable and retains quota until retry
  ---
  duration_ms: 149.441542
  type: 'test'
  ...
# Subtest: PR03E DELETE timeout preserves UNKNOWN and backoff; next HEAD missing finalizes
ok 4 - PR03E DELETE timeout preserves UNKNOWN and backoff; next HEAD missing finalizes
  ---
  duration_ms: 139.099791
  type: 'test'
  ...
# Subtest: PR03E real review command vs purge true
ok 5 - PR03E real review command vs purge true
  ---
  duration_ms: 147.671084
  type: 'test'
  ...
# Subtest: PR03E real review command vs purge false
ok 6 - PR03E real review command vs purge false
  ---
  duration_ms: 143.302625
  type: 'test'
  ...
# Subtest: PR03E full withdrawal lifecycle
ok 7 - PR03E full withdrawal lifecycle
  ---
  duration_ms: 139.820667
  type: 'test'
  ...
# Subtest: PR03E retention config can only tighten
ok 8 - PR03E retention config can only tighten
  ---
  duration_ms: 0.292791
  type: 'test'
  ...
# Subtest: PR03E retention DRAFT
ok 9 - PR03E retention DRAFT
  ---
  duration_ms: 139.797333
  type: 'test'
  ...
# Subtest: PR03E retention SUBMITTED
ok 10 - PR03E retention SUBMITTED
  ---
  duration_ms: 143.560375
  type: 'test'
  ...
# Subtest: PR03E retention REJECTED
ok 11 - PR03E retention REJECTED
  ---
  duration_ms: 149.088542
  type: 'test'
  ...
# Subtest: PR03E retention PARTIALLY_APPROVED
ok 12 - PR03E retention PARTIALLY_APPROVED
  ---
  duration_ms: 142.267958
  type: 'test'
  ...
# Subtest: PR03E retention APPROVED
ok 13 - PR03E retention APPROVED
  ---
  duration_ms: 134.705458
  type: 'test'
  ...
# Subtest: PR03E retention WITHDRAWN
ok 14 - PR03E retention WITHDRAWN
  ---
  duration_ms: 135.308
  type: 'test'
  ...
# Subtest: PR03E retention EXPIRED
ok 15 - PR03E retention EXPIRED
  ---
  duration_ms: 136.121542
  type: 'test'
  ...
# Subtest: PR03E formal source or any placement prevents purge even after usage retirement
ok 16 - PR03E formal source or any placement prevents purge even after usage retirement
  ---
  duration_ms: 149.136041
  type: 'test'
  ...
# Subtest: PR03E cleanup fence, recovery epoch and data gates
ok 17 - PR03E cleanup fence, recovery epoch and data gates
  ---
  duration_ms: 141.952958
  type: 'test'
  ...
# Subtest: PR03E maintenance status and reconciliation require internal maintenance permission
ok 18 - PR03E maintenance status and reconciliation require internal maintenance permission
  ---
  duration_ms: 133.684791
  type: 'test'
  ...
# Subtest: PR03E final-audit-fault recovery contract
ok 19 - PR03E final-audit-fault recovery contract
  ---
  duration_ms: 139.780208
  type: 'test'
  ...
# Subtest: PR03E explicit deletion competition true
ok 20 - PR03E explicit deletion competition true
  ---
  duration_ms: 175.290125
  type: 'test'
  ...
# Subtest: PR03E explicit deletion competition false
ok 21 - PR03E explicit deletion competition false
  ---
  duration_ms: 155.196791
  type: 'test'
  ...
# Subtest: PR03E bounded scheduler with transient dependencies
ok 22 - PR03E bounded scheduler with transient dependencies
  ---
  duration_ms: 438.678417
  type: 'test'
  ...
# Subtest: PR03E actual decision retention true
ok 23 - PR03E actual decision retention true
  ---
  duration_ms: 147.522083
  type: 'test'
  ...
# Subtest: PR03E actual decision retention false
ok 24 - PR03E actual decision retention false
  ---
  duration_ms: 141.813083
  type: 'test'
  ...
# Subtest: PR03E write-ahead failure never starts DELETE or claims confirmation
ok 25 - PR03E write-ahead failure never starts DELETE or claims confirmation
  ---
  duration_ms: 133.718666
  type: 'test'
  ...
# Subtest: PR03E upload respects configured draft days 1
ok 26 - PR03E upload respects configured draft days 1
  ---
  duration_ms: 142.242792
  type: 'test'
  ...
# Subtest: PR03E upload respects configured draft days 30
ok 27 - PR03E upload respects configured draft days 30
  ---
  duration_ms: 138.034
  type: 'test'
  ...
# Subtest: PR03E explicit finalizer ownership eligible
ok 28 - PR03E explicit finalizer ownership eligible
  ---
  duration_ms: 156.60725
  type: 'test'
  ...
# Subtest: PR03E explicit finalizer ownership claimed
ok 29 - PR03E explicit finalizer ownership claimed
  ---
  duration_ms: 153.52975
  type: 'test'
  ...
# Subtest: PR03E explicit finalizer ownership live
ok 30 - PR03E explicit finalizer ownership live
  ---
  duration_ms: 152.808416
  type: 'test'
  ...
# Subtest: PR03E explicit finalizer ownership slow
ok 31 - PR03E explicit finalizer ownership slow
  ---
  duration_ms: 35154.214583
  type: 'test'
  ...
# Subtest: PR03E explicit ownership does not starve bounded candidate window
ok 32 - PR03E explicit ownership does not starve bounded candidate window
  ---
  duration_ms: 398.6315
  type: 'test'
  ...
1..32
# tests 32
# suites 0
# pass 32
# fail 0
# cancelled 0
# skipped 0
# todo 0
# duration_ms 40295.465625
