TAP version 13
# Subtest: DEV-09D safety-critical API fails closed before DB mutation when intent fsync fails
ok 1 - DEV-09D safety-critical API fails closed before DB mutation when intent fsync fails
  ---
  duration_ms: 135.127208
  type: 'test'
  ...
# Subtest: DEV-09D every authenticated COMMAND/SECRET mutation is write-ahead protected by default
ok 2 - DEV-09D every authenticated COMMAND/SECRET mutation is write-ahead protected by default
  ---
  duration_ms: 124.521458
  type: 'test'
  ...
# Subtest: DEV-09D idempotent command retries derive the same write-ahead intent id
ok 3 - DEV-09D idempotent command retries derive the same write-ahead intent id
  ---
  duration_ms: 120.876584
  type: 'test'
  ...
# Subtest: DEV-09D two journal writers serialize concurrent write-ahead intents into one valid chain
ok 4 - DEV-09D two journal writers serialize concurrent write-ahead intents into one valid chain
  ---
  duration_ms: 242.907208
  type: 'test'
  ...
# Subtest: DEV-09E a transaction acknowledgement failure must not claim the write was aborted
ok 5 - DEV-09E a transaction acknowledgement failure must not claim the write was aborted
  ---
  duration_ms: 121.413792
  type: 'test'
  ...
1..5
# tests 5
# suites 0
# pass 5
# fail 0
# cancelled 0
# skipped 0
# todo 0
# duration_ms 925.769375
