TAP version 13
# Subtest: PR03D exact-role external case, draft freeze, atomic review, replay and self projection
ok 1 - PR03D exact-role external case, draft freeze, atomic review, replay and self projection
  ---
  duration_ms: 188.071584
  type: 'test'
  ...
# Subtest: PR03D source separation, sharing, role history and dependent/nondependent CAS
ok 2 - PR03D source separation, sharing, role history and dependent/nondependent CAS
  ---
  duration_ms: 205.076542
  type: 'test'
  ...
# Subtest: PR03D ENROLL creates Person, Role, Work, Credit, media and Grant atomically
ok 3 - PR03D ENROLL creates Person, Role, Work, Credit, media and Grant atomically
  ---
  duration_ms: 149.232708
  type: 'test'
  ...
# Subtest: PR03D export worker and physical-original JSON rebuild preserve formal cases without external authority
ok 4 - PR03D export worker and physical-original JSON rebuild preserve formal cases without external authority
  ---
  duration_ms: 476.822083
  type: 'test'
  ...
# Subtest: PR03D PERSON case lifecycle protection
ok 5 - PR03D PERSON case lifecycle protection
  ---
  duration_ms: 164.90625
  type: 'test'
  ...
# Subtest: PR03D WORK case lifecycle protection
ok 6 - PR03D WORK case lifecycle protection
  ---
  duration_ms: 154.556709
  type: 'test'
  ...
# Subtest: PR03D MERGE case lifecycle protection
ok 7 - PR03D MERGE case lifecycle protection
  ---
  duration_ms: 155.936417
  type: 'test'
  ...
# Subtest: PR03D internal explicit shared Work link adds only own Credit and keeps public facts
ok 8 - PR03D internal explicit shared Work link adds only own Credit and keeps public facts
  ---
  duration_ms: 172.311958
  type: 'test'
  ...
# Subtest: PR03D finalization consent and exact takeover
ok 9 - PR03D finalization consent and exact takeover
  ---
  duration_ms: 193.6715
  type: 'test'
  ...
# Subtest: PR03D finalization consent and legacy upgrade
ok 10 - PR03D finalization consent and legacy upgrade
  ---
  duration_ms: 202.852375
  type: 'test'
  ...
1..10
# tests 10
# suites 0
# pass 10
# fail 0
# cancelled 0
# skipped 0
# todo 0
# duration_ms 2261.523
