TAP version 13
# Subtest: locale merge preserves both originals, forces re-review, rolls back audit failures and replays exact requests
ok 1 - locale merge preserves both originals, forces re-review, rolls back audit failures and replays exact requests
  ---
  duration_ms: 162.854917
  type: 'test'
  ...
# Subtest: locale merge rejects changed auxiliary sources and hides restricted text from preview
ok 2 - locale merge rejects changed auxiliary sources and hides restricted text from preview
  ---
  duration_ms: 132.085208
  type: 'test'
  ...
# Subtest: merged originals survive controlled export and rebuild; unrelated history sources are rejected
ok 3 - merged originals survive controlled export and rebuild; unrelated history sources are rejected
  ---
  duration_ms: 280.044542
  type: 'test'
  ...
# Subtest: a later merge retains prior originals without nesting, and old identity deletion includes dependent text
ok 4 - a later merge retains prior originals without nesting, and old identity deletion includes dependent text
  ---
  duration_ms: 143.449792
  type: 'test'
  ...
# Subtest: language choices are explicit even for one-sided text and cannot select another language
ok 5 - language choices are explicit even for one-sided text and cannot select another language
  ---
  duration_ms: 132.478917
  type: 'test'
  ...
# Subtest: review timestamps use one event instant even when the clock advances between calls
ok 6 - review timestamps use one event instant even when the clock advances between calls
  ---
  duration_ms: 126.646
  type: 'test'
  ...
# Subtest: internal locale texts retain current typed dependencies and roll back audit failures for people, works and projects
ok 7 - internal locale texts retain current typed dependencies and roll back audit failures for people, works and projects
  ---
  duration_ms: 172.532542
  type: 'test'
  ...
# Subtest: source erasure clears locale text and dependencies atomically while preserving its person
ok 8 - source erasure clears locale text and dependencies atomically while preserving its person
  ---
  duration_ms: 136.622208
  type: 'test'
  ...
# Subtest: locale protection changes restrict content until explicit re-review; current scope and replay permissions apply
ok 9 - locale protection changes restrict content until explicit re-review; current scope and replay permissions apply
  ---
  duration_ms: 252.53775
  type: 'test'
  ...
# Subtest: locale recovery inspection rejects missing roots, altered source digest and cross-workspace dependencies
ok 10 - locale recovery inspection rejects missing roots, altered source digest and cross-workspace dependencies
  ---
  duration_ms: 131.32225
  type: 'test'
  ...
# Subtest: PERSON erasure clears its locale derivatives and rolls back failed cleanup audits
ok 11 - PERSON erasure clears its locale derivatives and rolls back failed cleanup audits
  ---
  duration_ms: 132.788833
  type: 'test'
  ...
# Subtest: WORK erasure clears its locale derivatives and rolls back failed cleanup audits
ok 12 - WORK erasure clears its locale derivatives and rolls back failed cleanup audits
  ---
  duration_ms: 130.070166
  type: 'test'
  ...
# Subtest: PROJECT erasure clears its locale derivatives and rolls back failed cleanup audits
ok 13 - PROJECT erasure clears its locale derivatives and rolls back failed cleanup audits
  ---
  duration_ms: 130.160916
  type: 'test'
  ...
# Subtest: locale transfer uses actual permissions and rebuilds typed dependencies without inventing local review
ok 14 - locale transfer uses actual permissions and rebuilds typed dependencies without inventing local review
  ---
  duration_ms: 286.422416
  type: 'test'
  ...
# Subtest: locale edit without a parent revision change and evidence-only permission revocation both stale a ready export
ok 15 - locale edit without a parent revision change and evidence-only permission revocation both stale a ready export
  ---
  duration_ms: 272.696042
  type: 'test'
  ...
# Subtest: locale rebuild rejects broken roots, forged original review association, missing source and omitted digest before any writes
ok 16 - locale rebuild rejects broken roots, forged original review association, missing source and omitted digest before any writes
  ---
  duration_ms: 256.002667
  type: 'test'
  ...
# Subtest: a second locale export retains original review and bounded original basis, while edits distinguish earlier reviewed text
ok 17 - a second locale export retains original review and bounded original basis, while edits distinguish earlier reviewed text
  ---
  duration_ms: 469.588666
  type: 'test'
  ...
# Subtest: source cleanup erases imported locale provenance along with bodies and current dependencies
ok 18 - source cleanup erases imported locale provenance along with bodies and current dependencies
  ---
  duration_ms: 267.166958
  type: 'test'
  ...
1..18
# tests 18
# suites 0
# pass 18
# fail 0
# cancelled 0
# skipped 0
# todo 0
# duration_ms 4042.531458
