TAP version 13
# Subtest: locale merge preserves both originals, forces re-review, rolls back audit failures and replays exact requests
ok 1 - locale merge preserves both originals, forces re-review, rolls back audit failures and replays exact requests
  ---
  duration_ms: 160.051583
  type: 'test'
  ...
# Subtest: locale merge rejects changed auxiliary sources and hides restricted text from preview
ok 2 - locale merge rejects changed auxiliary sources and hides restricted text from preview
  ---
  duration_ms: 128.239041
  type: 'test'
  ...
# Subtest: merged originals survive controlled export and rebuild; unrelated history sources are rejected
ok 3 - merged originals survive controlled export and rebuild; unrelated history sources are rejected
  ---
  duration_ms: 275.271667
  type: 'test'
  ...
# Subtest: a later merge retains prior originals without nesting, and old identity deletion includes dependent text
ok 4 - a later merge retains prior originals without nesting, and old identity deletion includes dependent text
  ---
  duration_ms: 142.757625
  type: 'test'
  ...
# Subtest: language choices are explicit even for one-sided text and cannot select another language
ok 5 - language choices are explicit even for one-sided text and cannot select another language
  ---
  duration_ms: 128.449958
  type: 'test'
  ...
# Subtest: internal locale texts retain current typed dependencies and roll back audit failures for people, works and projects
ok 6 - internal locale texts retain current typed dependencies and roll back audit failures for people, works and projects
  ---
  duration_ms: 170.589791
  type: 'test'
  ...
# Subtest: source erasure clears locale text and dependencies atomically while preserving its person
ok 7 - source erasure clears locale text and dependencies atomically while preserving its person
  ---
  duration_ms: 133.15625
  type: 'test'
  ...
# Subtest: locale protection changes restrict content until explicit re-review; current scope and replay permissions apply
ok 8 - locale protection changes restrict content until explicit re-review; current scope and replay permissions apply
  ---
  duration_ms: 248.92325
  type: 'test'
  ...
# Subtest: locale recovery inspection rejects missing roots, altered source digest and cross-workspace dependencies
ok 9 - locale recovery inspection rejects missing roots, altered source digest and cross-workspace dependencies
  ---
  duration_ms: 126.667667
  type: 'test'
  ...
# Subtest: PERSON erasure clears its locale derivatives and rolls back failed cleanup audits
ok 10 - PERSON erasure clears its locale derivatives and rolls back failed cleanup audits
  ---
  duration_ms: 130.555875
  type: 'test'
  ...
# Subtest: WORK erasure clears its locale derivatives and rolls back failed cleanup audits
ok 11 - WORK erasure clears its locale derivatives and rolls back failed cleanup audits
  ---
  duration_ms: 127.585208
  type: 'test'
  ...
# Subtest: PROJECT erasure clears its locale derivatives and rolls back failed cleanup audits
ok 12 - PROJECT erasure clears its locale derivatives and rolls back failed cleanup audits
  ---
  duration_ms: 127.1525
  type: 'test'
  ...
# Subtest: locale transfer uses actual permissions and rebuilds typed dependencies without inventing local review
ok 13 - locale transfer uses actual permissions and rebuilds typed dependencies without inventing local review
  ---
  duration_ms: 284.652834
  type: 'test'
  ...
# Subtest: locale edit without a parent revision change and evidence-only permission revocation both stale a ready export
ok 14 - locale edit without a parent revision change and evidence-only permission revocation both stale a ready export
  ---
  duration_ms: 266.409542
  type: 'test'
  ...
# Subtest: locale rebuild rejects broken roots, forged original review association, missing source and omitted digest before any writes
ok 15 - locale rebuild rejects broken roots, forged original review association, missing source and omitted digest before any writes
  ---
  duration_ms: 250.047584
  type: 'test'
  ...
# Subtest: a second locale export retains original review and bounded original basis, while edits distinguish earlier reviewed text
ok 16 - a second locale export retains original review and bounded original basis, while edits distinguish earlier reviewed text
  ---
  duration_ms: 381.63425
  type: 'test'
  ...
# Subtest: source cleanup erases imported locale provenance along with bodies and current dependencies
ok 17 - source cleanup erases imported locale provenance along with bodies and current dependencies
  ---
  duration_ms: 262.381916
  type: 'test'
  ...
# Subtest: DEV-07G merge preview is zero-write and same-name people remain distinct until explicit execution
ok 18 - DEV-07G merge preview is zero-write and same-name people remain distinct until explicit execution
  ---
  duration_ms: 143.315666
  type: 'test'
  ...
# Subtest: DEV-07G merge preview needs data.merge and never exposes restricted contact plaintext
ok 19 - DEV-07G merge preview needs data.merge and never exposes restricted contact plaintext
  ---
  duration_ms: 368.082625
  type: 'test'
  ...
# Subtest: DEV-07G explicit merge creates one decision, hides duplicate from lists and resolves old id read-only
ok 20 - DEV-07G explicit merge creates one decision, hides duplicate from lists and resolves old id read-only
  ---
  duration_ms: 125.35875
  type: 'test'
  ...
# Subtest: DEV-07G same-source merge may explicitly adopt duplicate values or union arrays without losing provenance
ok 21 - DEV-07G same-source merge may explicitly adopt duplicate values or union arrays without losing provenance
  ---
  duration_ms: 123.900958
  type: 'test'
  ...
# Subtest: DEV-07G preview digest becomes stale when a relation appears after preview
ok 22 - DEV-07G preview digest becomes stale when a relation appears after preview
  ---
  duration_ms: 123.286292
  type: 'test'
  ...
# Subtest: DEV-07G merge audit failure rolls the entire merge back and exact retry succeeds
ok 23 - DEV-07G merge audit failure rolls the entire merge back and exact retry succeeds
  ---
  duration_ms: 122.438708
  type: 'test'
  ...
# Subtest: DEV-07G active purpose permission is revoked, never transferred to the canonical identity
ok 24 - DEV-07G active purpose permission is revoked, never transferred to the canonical identity
  ---
  duration_ms: 125.236625
  type: 'test'
  ...
# Subtest: DEV-07G scope mismatch blocks execution and keeps both identities intact
ok 25 - DEV-07G scope mismatch blocks execution and keeps both identities intact
  ---
  duration_ms: 122.448708
  type: 'test'
  ...
# Subtest: DEV-07G shortlist rebind uses canonical pre-merge baseline so identity change is never reported as unchanged
ok 26 - DEV-07G shortlist rebind uses canonical pre-merge baseline so identity change is never reported as unchanged
  ---
  duration_ms: 127.126542
  type: 'test'
  ...
# Subtest: DEV-07G merged-id resolution does not reveal an alias outside the old identity scope
ok 27 - DEV-07G merged-id resolution does not reveal an alias outside the old identity scope
  ---
  duration_ms: 242.426375
  type: 'test'
  ...
1..27
# tests 27
# suites 0
# pass 27
# fail 0
# cancelled 0
# skipped 0
# todo 0
# duration_ms 5489.8775
