TAP version 13
# Subtest: owned PG PASS reaches cleanup and zero (simulated Docker, no database)
ok 1 - owned PG PASS reaches cleanup and zero (simulated Docker, no database)
  ---
  duration_ms: 107.797292
  type: 'test'
  ...
# Subtest: owned PG FAIL reaches cleanup and zero (simulated Docker, no database)
ok 2 - owned PG FAIL reaches cleanup and zero (simulated Docker, no database)
  ---
  duration_ms: 104.861
  type: 'test'
  ...
# Subtest: owned PG exception reaches cleanup and zero (simulated Docker, no database)
ok 3 - owned PG exception reaches cleanup and zero (simulated Docker, no database)
  ---
  duration_ms: 105.636667
  type: 'test'
  ...
# Subtest: owned PG timeout reaches cleanup and zero (simulated Docker, no database)
ok 4 - owned PG timeout reaches cleanup and zero (simulated Docker, no database)
  ---
  duration_ms: 105.583792
  type: 'test'
  ...
# Subtest: owned PG SIGINT reaches cleanup and zero (simulated Docker, no database)
ok 5 - owned PG SIGINT reaches cleanup and zero (simulated Docker, no database)
  ---
  duration_ms: 105.668792
  type: 'test'
  ...
# Subtest: owned PG SIGTERM reaches cleanup and zero (simulated Docker, no database)
ok 6 - owned PG SIGTERM reaches cleanup and zero (simulated Docker, no database)
  ---
  duration_ms: 104.159666
  type: 'test'
  ...
# Subtest: owned PG unknown-create reaches cleanup and zero (simulated Docker, no database)
ok 7 - owned PG unknown-create reaches cleanup and zero (simulated Docker, no database)
  ---
  duration_ms: 104.387875
  type: 'test'
  ...
# Subtest: cleanup failure retains lock and reports leak (simulated)
ok 8 - cleanup failure retains lock and reports leak (simulated)
  ---
  duration_ms: 107.980875
  type: 'test'
  ...
# Subtest: resource guard refuses before creating or querying Docker
ok 9 - resource guard refuses before creating or querying Docker
  ---
  duration_ms: 105.334917
  type: 'test'
  ...
# Subtest: unknown Docker create with no observed container is not falsely certified zero
ok 10 - unknown Docker create with no observed container is not falsely certified zero
  ---
  duration_ms: 105.146916
  type: 'test'
  ...
# Subtest: verification success cannot become PASS when final cleanup fails
ok 11 - verification success cannot become PASS when final cleanup fails
  ---
  duration_ms: 106.023334
  type: 'test'
  ...
# Subtest: nested temporary migration files are registered and reclaimed after child failure
ok 12 - nested temporary migration files are registered and reclaimed after child failure
  ---
  duration_ms: 167.470583
  type: 'test'
  ...
# Subtest: success and failure are distinguished
ok 13 - success and failure are distinguished
  ---
  duration_ms: 58.393458
  type: 'test'
  ...
# Subtest: timeout kills an uncooperative child
ok 14 - timeout kills an uncooperative child
  ---
  duration_ms: 3111.099083
  type: 'test'
  ...
# Subtest: parent SIGINT terminates child and reports failure
ok 15 - parent SIGINT terminates child and reports failure
  ---
  duration_ms: 96.526375
  type: 'test'
  ...
# Subtest: parent SIGTERM terminates child and reports failure
ok 16 - parent SIGTERM terminates child and reports failure
  ---
  duration_ms: 65.935625
  type: 'test'
  ...
# Subtest: descendants are killed after leader exits
ok 17 - descendants are killed after leader exits
  ---
  duration_ms: 157.20225
  type: 'test'
  ...
# Subtest: spawn exception and pre-aborted task create no live child
ok 18 - spawn exception and pre-aborted task create no live child
  ---
  duration_ms: 1.200375
  type: 'test'
  ...
# Subtest: leader exit with inherited pipes reclaims descendant promptly
ok 19 - leader exit with inherited pipes reclaims descendant promptly
  ---
  duration_ms: 35.657417
  type: 'test'
  ...
# Subtest: nested supervisor cancellation reclaims registered independent groups
ok 20 - nested supervisor cancellation reclaims registered independent groups
  ---
  duration_ms: 3404.276458
  type: 'test'
  ...
# Subtest: successful nested supervisor does not kill its ancestor
ok 21 - successful nested supervisor does not kill its ancestor
  ---
  duration_ms: 210.071792
  type: 'test'
  ...
1..21
# tests 21
# suites 0
# pass 21
# fail 0
# cancelled 0
# skipped 0
# todo 0
# duration_ms 8801.012375
