TAP version 13
# Subtest: AI reservations serialize and uncertain/cancelled attempts retain funds until reconciliation
ok 1 - AI reservations serialize and uncertain/cancelled attempts retain funds until reconciliation
  ---
  duration_ms: 137.726709
  type: 'test'
  ...
# Subtest: AI accounting and dispatch authorization roll back when audit fails
ok 2 - AI accounting and dispatch authorization roll back when audit fails
  ---
  duration_ms: 127.608833
  type: 'test'
  ...
# Subtest: AI sends fail closed on changed provider, recovery epoch, disabled actor or midnight reservation
ok 3 - AI sends fail closed on changed provider, recovery epoch, disabled actor or midnight reservation
  ---
  duration_ms: 125.88275
  type: 'test'
  ...
# Subtest: AI known not executed has a bounded attempt count; cancellation releases only unsent funds
ok 4 - AI known not executed has a bounded attempt count; cancellation releases only unsent funds
  ---
  duration_ms: 124.934833
  type: 'test'
  ...
# Subtest: AI request identity rejects reuse with different payload and invalid money/configuration
ok 5 - AI request identity rejects reuse with different payload and invalid money/configuration
  ---
  duration_ms: 124.814375
  type: 'test'
  ...
# Subtest: AI uncertain funds survive date rollover and an overrun freezes subsequent days too
ok 6 - AI uncertain funds survive date rollover and an overrun freezes subsequent days too
  ---
  duration_ms: 123.899791
  type: 'test'
  ...
# Subtest: AI in-flight settlement remains possible after actor disable and restoration, but never sends again
ok 7 - AI in-flight settlement remains possible after actor disable and restoration, but never sends again
  ---
  duration_ms: 123.6425
  type: 'test'
  ...
# Subtest: AI dispatcher commits its unique attempt before network and never repeats an uncertain request
ok 8 - AI dispatcher commits its unique attempt before network and never repeats an uncertain request
  ---
  duration_ms: 126.80925
  type: 'test'
  ...
# Subtest: AI dispatcher times out with reserved cost; late provider completion cannot create a proposal
ok 9 - AI dispatcher times out with reserved cost; late provider completion cannot create a proposal
  ---
  duration_ms: 134.45225
  type: 'test'
  ...
# Subtest: AI dispatcher checks input again before send and cancellation during HTTP suppresses proposals
ok 10 - AI dispatcher checks input again before send and cancellation during HTTP suppresses proposals
  ---
  duration_ms: 124.7345
  type: 'test'
  ...
# Subtest: AI proposal and settlement share a transaction; failed proposal does not create settled success
ok 11 - AI proposal and settlement share a transaction; failed proposal does not create settled success
  ---
  duration_ms: 124.213125
  type: 'test'
  ...
# Subtest: AI recovery inspection includes unresolved attempts and detects accounting or request-identity damage
ok 12 - AI recovery inspection includes unresolved attempts and detects accounting or request-identity damage
  ---
  duration_ms: 126.740042
  type: 'test'
  ...
1..12
# tests 12
# suites 0
# pass 12
# fail 0
# cancelled 0
# skipped 0
# todo 0
# duration_ms 1671.019083
