TAP version 13
# Subtest: strict JSON rejects {"a":1,"a":2}
ok 1 - strict JSON rejects {"a":1,"a":2}
  ---
  duration_ms: 1.175292
  type: 'test'
  ...
# Subtest: strict JSON rejects {"a":1,"\\u0061":2}
ok 2 - strict JSON rejects {"a":1,"\\u0061":2}
  ---
  duration_ms: 0.166375
  type: 'test'
  ...
# Subtest: strict JSON rejects {"__proto__":{}}
ok 3 - strict JSON rejects {"__proto__":{}}
  ---
  duration_ms: 0.060958
  type: 'test'
  ...
# Subtest: strict JSON rejects {"constructor":1}
ok 4 - strict JSON rejects {"constructor":1}
  ---
  duration_ms: 0.092334
  type: 'test'
  ...
# Subtest: strict JSON rejects [1,]
ok 5 - strict JSON rejects [1,]
  ---
  duration_ms: 0.09475
  type: 'test'
  ...
# Subtest: strict JSON rejects 01
ok 6 - strict JSON rejects 01
  ---
  duration_ms: 0.219291
  type: 'test'
  ...
# Subtest: strict JSON rejects 1e400
ok 7 - strict JSON rejects 1e400
  ---
  duration_ms: 0.06775
  type: 'test'
  ...
# Subtest: strict JSON rejects 9007199254740992
ok 8 - strict JSON rejects 9007199254740992
  ---
  duration_ms: 0.055
  type: 'test'
  ...
# Subtest: strict JSON rejects {"a":"\\ud800"}
ok 9 - strict JSON rejects {"a":"\\ud800"}
  ---
  duration_ms: 0.350167
  type: 'test'
  ...
# Subtest: strict JSON rejects {}x
ok 10 - strict JSON rejects {}x
  ---
  duration_ms: 0.419291
  type: 'test'
  ...
# Subtest: strict JSON rejects {"a":NaN}
ok 11 - strict JSON rejects {"a":NaN}
  ---
  duration_ms: 0.34175
  type: 'test'
  ...
# Subtest: strict JSON accepts escaped strings and supplementary characters
ok 12 - strict JSON accepts escaped strings and supplementary characters
  ---
  duration_ms: 0.209083
  type: 'test'
  ...
# Subtest: canonical field order does not change digest
ok 13 - canonical field order does not change digest
  ---
  duration_ms: 0.681875
  type: 'test'
  ...
# Subtest: canonical rejects integers outside safe range
ok 14 - canonical rejects integers outside safe range
  ---
  duration_ms: 0.075375
  type: 'test'
  ...
# Subtest: canonical subset vector
ok 15 - canonical subset vector
  ---
  duration_ms: 0.044084
  type: 'test'
  ...
# Subtest: canonical does not normalize Unicode or trim source content
ok 16 - canonical does not normalize Unicode or trim source content
  ---
  duration_ms: 0.163875
  type: 'test'
  ...
# Subtest: strict JSON rejects excessive nesting
ok 17 - strict JSON rejects excessive nesting
  ---
  duration_ms: 0.210167
  type: 'test'
  ...
# Subtest: body size cap is bytes
ok 18 - body size cap is bytes
  ---
  duration_ms: 1.674042
  type: 'test'
  ...
# Subtest: DTO rejects contact injection in normal person fields
ok 19 - DTO rejects contact injection in normal person fields
  ---
  duration_ms: 0.126708
  type: 'test'
  ...
# Subtest: DTO rejects caller-supplied workspace
ok 20 - DTO rejects caller-supplied workspace
  ---
  duration_ms: 0.055125
  type: 'test'
  ...
# Subtest: date validation rejects normalized invalid date
ok 21 - date validation rejects normalized invalid date
  ---
  duration_ms: 0.898375
  type: 'test'
  ...
# Subtest: explicit null height remains null
ok 22 - explicit null height remains null
  ---
  duration_ms: 0.088
  type: 'test'
  ...
# Subtest: omitted keys are not emitted
ok 23 - omitted keys are not emitted
  ---
  duration_ms: 0.537625
  type: 'test'
  ...
# Subtest: AES-GCM roundtrip, random ciphertext and wrong-key rejection
ok 24 - AES-GCM roundtrip, random ciphertext and wrong-key rejection
  ---
  duration_ms: 0.674084
  type: 'test'
  ...
# Subtest: scrypt verifies only correct password
ok 25 - scrypt verifies only correct password
  ---
  duration_ms: 282.239458
  type: 'test'
  ...
# Subtest: contact decryption rejects trailing ciphertext components and malformed encoding
ok 26 - contact decryption rejects trailing ciphertext components and malformed encoding
  ---
  duration_ms: 0.45075
  type: 'test'
  ...
# Subtest: password verifier rejects a valid hash with trailing serialized components
ok 27 - password verifier rejects a valid hash with trailing serialized components
  ---
  duration_ms: 133.619167
  type: 'test'
  ...
1..27
# tests 27
# suites 0
# pass 27
# fail 0
# cancelled 0
# skipped 0
# todo 0
# duration_ms 522.979625
