TAP version 13
# Subtest: local initializer creates private random files, never emits their values
ok 1 - local initializer creates private random files, never emits their values
  ---
  duration_ms: 80.611125
  type: 'test'
  ...
# Subtest: local initializer refuses an existing environment without overwriting keys
ok 2 - local initializer refuses an existing environment without overwriting keys
  ---
  duration_ms: 74.71425
  type: 'test'
  ...
# Subtest: config loader accepts valid file references and rejects malformed secrets and modes
ok 3 - config loader accepts valid file references and rejects malformed secrets and modes
  ---
  duration_ms: 42.920958
  type: 'test'
  ...
# Subtest: production core refuses insecure origin and cookies before any database access
ok 4 - production core refuses insecure origin and cookies before any database access
  ---
  duration_ms: 0.754417
  type: 'test'
  ...
1..4
# tests 4
# suites 0
# pass 4
# fail 0
# cancelled 0
# skipped 0
# todo 0
# duration_ms 307.935166
