TAP version 13
# Subtest: TD2 retained-origin export and rebuild keep erased source inert and preserve independently reviewed language, with audit rollback and repeat transfer
ok 1 - TD2 retained-origin export and rebuild keep erased source inert and preserve independently reviewed language, with audit rollback and repeat transfer
  ---
  duration_ms: 402.795
  type: 'test'
  ...
# Subtest: TD2 retained-origin rebuild rejects missing or altered independent proof and active or colliding origin headers before writes
ok 2 - TD2 retained-origin rebuild rejects missing or altered independent proof and active or colliding origin headers before writes
  ---
  duration_ms: 347.995625
  type: 'test'
  ...
# Subtest: TD2 retained-origin transfer still requires evidence selection and current basis grant; erased origin scope changes invalidate ready exports
ok 3 - TD2 retained-origin transfer still requires evidence selection and current basis grant; erased origin scope changes invalidate ready exports
  ---
  duration_ms: 457.687708
  type: 'test'
  ...
# Subtest: TD2 retained-origin rebuild preserves explicitly unreviewed evidence without inventing reviewer attribution
ok 4 - TD2 retained-origin rebuild preserves explicitly unreviewed evidence without inventing reviewer attribution
  ---
  duration_ms: 347.861791
  type: 'test'
  ...
1..4
# tests 4
# suites 0
# pass 4
# fail 0
# cancelled 0
# skipped 0
# todo 0
# duration_ms 1715.755917
