TAP version 13
# Subtest: TD2 typed merge preserves IDs, sources, role links and credentials; audit failure rolls back; exact retry/replay succeed
ok 1 - TD2 typed merge preserves IDs, sources, role links and credentials; audit failure rolls back; exact retry/replay succeed
  ---
  duration_ms: 205.187042
  type: 'test'
  ...
# Subtest: TD2 typed merge binds fact content, evidence and proposal revisions, not only root revisions
ok 2 - TD2 typed merge binds fact content, evidence and proposal revisions, not only root revisions
  ---
  duration_ms: 158.167125
  type: 'test'
  ...
# Subtest: TD2 hidden or sensitive dependencies expose no typed IDs, proposal values or secret data
ok 3 - TD2 hidden or sensitive dependencies expose no typed IDs, proposal values or secret data
  ---
  duration_ms: 270.921875
  type: 'test'
  ...
# Subtest: TD2 singleton collisions are enumerated and cannot be bypassed by explicit migration acknowledgements
ok 4 - TD2 singleton collisions are enumerated and cannot be bypassed by explicit migration acknowledgements
  ---
  duration_ms: 145.281292
  type: 'test'
  ...
# Subtest: TD2 overlapping language facts remain a conflict, and duplicate or invented acknowledgements fail
ok 5 - TD2 overlapping language facts remain a conflict, and duplicate or invented acknowledgements fail
  ---
  duration_ms: 150.232791
  type: 'test'
  ...
# Subtest: TD2 merging an independent agent rebinds inbound representation without moving the represented talent
ok 6 - TD2 merging an independent agent rebinds inbound representation without moving the represented talent
  ---
  duration_ms: 145.129875
  type: 'test'
  ...
# Subtest: TD2 source revocation for a professional fact invalidates preview while both identity sources remain readable
ok 7 - TD2 source revocation for a professional fact invalidates preview while both identity sources remain readable
  ---
  duration_ms: 144.516625
  type: 'test'
  ...
1..7
# tests 7
# suites 0
# pass 7
# fail 0
# cancelled 0
# skipped 0
# todo 0
# duration_ms 1337.7625
