TAP version 13
# Subtest: TD2 explicit person and fact-source permits export a typed whitelist and atomically rebuild stable relationships
ok 1 - TD2 explicit person and fact-source permits export a typed whitelist and atomically rebuild stable relationships
  ---
  duration_ms: 304.129334
  type: 'test'
  ...
# Subtest: TD2 frozen professional downloads fail closed after fact changes, source revocation, or disabled requestor
ok 2 - TD2 frozen professional downloads fail closed after fact changes, source revocation, or disabled requestor
  ---
  duration_ms: 582.209958
  type: 'test'
  ...
# Subtest: TD2 selected dependencies are explicit and unsupported typed fields cannot be smuggled into export
ok 3 - TD2 selected dependencies are explicit and unsupported typed fields cannot be smuggled into export
  ---
  duration_ms: 296.201417
  type: 'test'
  ...
# Subtest: TD2 foreign-source field evidence cannot be silently flattened and worker rechecks revoked grants
ok 4 - TD2 foreign-source field evidence cannot be silently flattened and worker rechecks revoked grants
  ---
  duration_ms: 477.716708
  type: 'test'
  ...
1..4
# tests 4
# suites 0
# pass 4
# fail 0
# cancelled 0
# skipped 0
# todo 0
# duration_ms 1813.500209
