{"file":"client-transport.test.ts","exitCode":0,"error":null,"durationMs":934,"tests":6,"pass":6,"fail":0,"skipped":0}
{"file":"commands-imports.test.ts","exitCode":0,"error":null,"durationMs":14981,"tests":22,"pass":22,"fail":0,"skipped":0}
{"file":"http-contract.test.ts","exitCode":0,"error":null,"durationMs":1806,"tests":1,"pass":1,"fail":0,"skipped":0}
{"file":"identity.test.ts","exitCode":0,"error":null,"durationMs":21852,"tests":25,"pass":25,"fail":0,"skipped":0}
{"file":"json-validation.test.ts","exitCode":0,"error":null,"durationMs":2453,"tests":27,"pass":27,"fail":0,"skipped":0}
{"file":"local-config.test.ts","exitCode":0,"error":null,"durationMs":1931,"tests":4,"pass":4,"fail":0,"skipped":0}
{"file":"talent.test.ts","exitCode":0,"error":null,"durationMs":19889,"tests":26,"pass":26,"fail":0,"skipped":0}
{
  "generatedAt": "2026-09-22T17:01:25.288Z",
  "node": "v22.16.0",
  "adapter": "tests/support/MemoryStore (NOT PostgreSQL)",
  "results": [
    {
      "file": "client-transport.test.ts",
      "exitCode": 0,
      "error": null,
      "durationMs": 934,
      "tests": 6,
      "pass": 6,
      "fail": 0,
      "skipped": 0
    },
    {
      "file": "commands-imports.test.ts",
      "exitCode": 0,
      "error": null,
      "durationMs": 14981,
      "tests": 22,
      "pass": 22,
      "fail": 0,
      "skipped": 0
    },
    {
      "file": "http-contract.test.ts",
      "exitCode": 0,
      "error": null,
      "durationMs": 1806,
      "tests": 1,
      "pass": 1,
      "fail": 0,
      "skipped": 0
    },
    {
      "file": "identity.test.ts",
      "exitCode": 0,
      "error": null,
      "durationMs": 21852,
      "tests": 25,
      "pass": 25,
      "fail": 0,
      "skipped": 0
    },
    {
      "file": "json-validation.test.ts",
      "exitCode": 0,
      "error": null,
      "durationMs": 2453,
      "tests": 27,
      "pass": 27,
      "fail": 0,
      "skipped": 0
    },
    {
      "file": "local-config.test.ts",
      "exitCode": 0,
      "error": null,
      "durationMs": 1931,
      "tests": 4,
      "pass": 4,
      "fail": 0,
      "skipped": 0
    },
    {
      "file": "talent.test.ts",
      "exitCode": 0,
      "error": null,
      "durationMs": 19889,
      "tests": 26,
      "pass": 26,
      "fail": 0,
      "skipped": 0
    }
  ],
  "tests": 111,
  "pass": 111,
  "fail": 0,
  "allPassed": true
}
