{
  "generatedAt": "2026-09-22T17:02:40.934Z",
  "node": "v22.16.0",
  "typescript": "5.8.3",
  "scope": "static-source-and-contract",
  "pass": 11,
  "fail": 0,
  "checks": [
    {
      "name": "typescript-syntax-transpile",
      "passed": true,
      "detail": {
        "files": 28,
        "diagnostics": [],
        "note": "Syntax emit only. Not dependency resolution, full typecheck, Nest/Vite build, or browser execution."
      }
    },
    {
      "name": "test-double-not-in-production",
      "passed": true,
      "detail": null
    },
    {
      "name": "no-business-localStorage-or-unsafe-html",
      "passed": true,
      "detail": {
        "forbidden": [],
        "note": "AST identifier check; not a complete XSS or data-loss audit."
      }
    },
    {
      "name": "unique-route-operation-identities",
      "passed": true,
      "detail": {
        "routes": 37
      }
    },
    {
      "name": "strict-request-object-schemas",
      "passed": true,
      "detail": null
    },
    {
      "name": "command-key-header-required",
      "passed": true,
      "detail": null
    },
    {
      "name": "no-deferred-http-surfaces",
      "passed": true,
      "detail": null
    },
    {
      "name": "candidate-migration-typed-tables",
      "passed": true,
      "detail": {
        "tables": 17,
        "note": "Text inspection only, not PostgreSQL execution."
      }
    },
    {
      "name": "candidate-composite-FKs",
      "passed": true,
      "detail": null
    },
    {
      "name": "candidate-job-lease-constraint",
      "passed": true,
      "detail": null
    },
    {
      "name": "no-fake-lockfile",
      "passed": true,
      "detail": {
        "note": "A real dependency resolution and audit are still required."
      }
    }
  ]
}
